<?xml version="1.0" encoding="UTF-8" standalone="no"?>
<recordset table="format">
  <record id="syslanguage=&quot;en&quot; and name=&quot;chm.notification.dcab.approved&quot;" recordid="en - chm.notification.dcab.approved">
    <name mandatory="true" type="string">chm.notification.dcab.approved</name>
    <field sctype="array">
      <field sctype="structure">
        <flags type="decimal">0</flags>
        <line type="decimal">1</line>
        <column type="decimal">1</column>
        <length type="decimal">53</length>
        <window type="decimal">0</window>
        <attribute NullValue="1" type="decimal"/>
        <graph sctype="array"/>
        <input NullValue="1" type="string"/>
        <output type="string">NOTE: SYSTEM GENERATED EMAIL, PLEASE DO NOT REPLY.</output>
        <format NullValue="1" type="string"/>
        <property type="string">Label;Caption=NOTE: SYSTEM GENERATED EMAIL, PLEASE DO NOT REPLY. 	Bold=1	Height=2	Name=	Width=106	X=0	Y=0		</property>
      </field>
      <field sctype="structure">
        <flags type="decimal">0</flags>
        <line type="decimal">2</line>
        <column type="decimal">1</column>
        <length type="decimal">53</length>
        <window type="decimal">0</window>
        <attribute NullValue="1" type="decimal"/>
        <graph sctype="array"/>
        <input NullValue="1" type="string"/>
        <output type="string">FOR MORE INFORMATION REFER TO THE CHANGE RECORD IN THE SYSTEM.</output>
        <format NullValue="1" type="string"/>
        <property type="string">Label;Caption=FOR MORE INFORMATION REFER TO THE CHANGE RECORD IN THE SYSTEM.	Bold=1	?Visible=	Height=2	Name=	Width=106	X=0	Y=2		</property>
      </field>
      <field sctype="structure">
        <flags type="decimal">0</flags>
        <line type="decimal">4</line>
        <column type="decimal">1</column>
        <length type="decimal">14</length>
        <window type="decimal">0</window>
        <attribute NullValue="1" type="decimal"/>
        <graph sctype="array"/>
        <input NullValue="1" type="string"/>
        <output type="string">Dear Sir/Madam,</output>
        <format NullValue="1" type="string"/>
        <property type="string">Label;Caption=Dear Sir/Madam,	Height=2	Name=	Width=27	X=0	Y=6		</property>
      </field>
      <field sctype="structure">
        <flags type="decimal">0</flags>
        <line type="decimal">5</line>
        <column type="decimal">1</column>
        <length type="decimal">20</length>
        <window type="decimal">0</window>
        <attribute NullValue="1" type="decimal"/>
        <graph sctype="array"/>
        <input NullValue="1" type="string"/>
        <output type="string">The Change record</output>
        <format NullValue="1" type="string"/>
        <property type="string">Label;Caption=The Change record 	Name=label1313561712188	Height=2	Name=label1313561712188	Width=39	X=0	Y=9		</property>
      </field>
      <field sctype="structure">
        <flags type="decimal">0</flags>
        <line type="decimal">5</line>
        <column type="decimal">21</column>
        <length type="decimal">8</length>
        <window type="decimal">0</window>
        <attribute NullValue="1" type="decimal"/>
        <graph sctype="array"/>
        <input type="string">number</input>
        <output NullValue="1" type="string"/>
        <format NullValue="1" type="string"/>
        <property type="string">Label;Name=label1313561733486	Height=2	Name=label1313561733486	Width=16	X=40	Y=9		Input=number	</property>
      </field>
      <field sctype="structure">
        <flags type="decimal">0</flags>
        <line type="decimal">5</line>
        <column type="decimal">29</column>
        <length type="decimal">31</length>
        <window type="decimal">0</window>
        <attribute NullValue="1" type="decimal"/>
        <graph sctype="array"/>
        <input NullValue="1" type="string"/>
        <output type="string">has been approved by DCAB.</output>
        <format NullValue="1" type="string"/>
        <property type="string">Label;Caption= has been approved by DCAB.	Name=label1313561761488	Height=2	Name=label1313561761488	Width=62	X=57	Y=9		</property>
      </field>
      <field sctype="structure">
        <flags type="decimal">0</flags>
        <line type="decimal">7</line>
        <column type="decimal">1</column>
        <length type="decimal">38</length>
        <window type="decimal">0</window>
        <attribute NullValue="1" type="decimal"/>
        <graph sctype="array"/>
        <input NullValue="1" type="string"/>
        <output type="string">Change details are as follows:</output>
        <format NullValue="1" type="string"/>
        <property type="string">Label;Caption=Change details are as follows:	Name=label1313561790880	Height=2	Name=label1313561790880	Width=76	X=0	Y=12		</property>
      </field>
      <field sctype="structure">
        <flags type="decimal">0</flags>
        <line type="decimal">8</line>
        <column type="decimal">1</column>
        <length type="decimal">11</length>
        <window type="decimal">0</window>
        <attribute NullValue="1" type="decimal"/>
        <graph sctype="array"/>
        <input NullValue="1" type="string"/>
        <output type="string">Title:</output>
        <format NullValue="1" type="string"/>
        <property type="string">Label;Caption=Title:	Name=label1313561828709	Height=2	Name=label1313561828709	Width=21	X=0	Y=14		</property>
      </field>
      <field sctype="structure">
        <flags type="decimal">0</flags>
        <line type="decimal">8</line>
        <column type="decimal">12</column>
        <length type="decimal">187</length>
        <window type="decimal">0</window>
        <attribute NullValue="1" type="decimal"/>
        <graph sctype="array"/>
        <input type="string">brief.description</input>
        <output NullValue="1" type="string"/>
        <format NullValue="1" type="string"/>
        <property type="string">Label;Name=label1313562739009	Height=2	Name=label1313562739009	Width=374	X=22	Y=14		Input=brief.description	</property>
      </field>
      <field sctype="structure">
        <flags type="decimal">0</flags>
        <line type="decimal">9</line>
        <column type="decimal">1</column>
        <length type="decimal">17</length>
        <window type="decimal">0</window>
        <attribute NullValue="1" type="decimal"/>
        <graph sctype="array"/>
        <input NullValue="1" type="string"/>
        <output type="string">Approval Status:</output>
        <format NullValue="1" type="string"/>
        <property type="string">Label;Caption=Approval Status:	?Visible=	Height=2	Name=	Width=34	X=0	Y=16		</property>
      </field>
      <field sctype="structure">
        <flags type="decimal">0</flags>
        <line type="decimal">9</line>
        <column type="decimal">18</column>
        <length type="decimal">52</length>
        <window type="decimal">0</window>
        <attribute NullValue="1" type="decimal"/>
        <graph sctype="array"/>
        <input type="string">approval.status</input>
        <output NullValue="1" type="string"/>
        <format NullValue="1" type="string"/>
        <property type="string">Label;?Caption=	Height=2	Name=	Width=103	X=35	Y=16		Input=approval.status	</property>
      </field>
      <field sctype="structure">
        <flags type="decimal">0</flags>
        <line type="decimal">10</line>
        <column type="decimal">1</column>
        <length type="decimal">12</length>
        <window type="decimal">0</window>
        <attribute NullValue="1" type="decimal"/>
        <graph sctype="array"/>
        <input NullValue="1" type="string"/>
        <output type="string">Category:</output>
        <format NullValue="1" type="string"/>
        <property type="string">Label;Caption=Category:	Name=label1313561937368	Height=2	Name=label1313561937368	Width=24	X=0	Y=18		</property>
      </field>
      <field sctype="structure">
        <flags type="decimal">0</flags>
        <line type="decimal">10</line>
        <column type="decimal">13</column>
        <length type="decimal">57</length>
        <window type="decimal">0</window>
        <attribute NullValue="1" type="decimal"/>
        <graph sctype="array"/>
        <input type="string">category</input>
        <output NullValue="1" type="string"/>
        <format NullValue="1" type="string"/>
        <property type="string">Label;Name=label1313562732617	Height=2	Name=label1313562732617	Width=113	X=25	Y=18		Input=category	</property>
      </field>
      <field sctype="structure">
        <flags type="decimal">0</flags>
        <line type="decimal">11</line>
        <column type="decimal">1</column>
        <length type="decimal">14</length>
        <window type="decimal">0</window>
        <attribute NullValue="1" type="decimal"/>
        <graph sctype="array"/>
        <input NullValue="1" type="string"/>
        <output type="string">Subcategory:</output>
        <format NullValue="1" type="string"/>
        <property type="string">Label;Caption=Subcategory:	Name=label1313562217987	Height=2	Name=label1313562217987	Width=27	X=0	Y=20		</property>
      </field>
      <field sctype="structure">
        <flags type="decimal">0</flags>
        <line type="decimal">11</line>
        <column type="decimal">15</column>
        <length type="decimal">55</length>
        <window type="decimal">0</window>
        <attribute NullValue="1" type="decimal"/>
        <graph sctype="array"/>
        <input type="string">subcategory</input>
        <output NullValue="1" type="string"/>
        <format NullValue="1" type="string"/>
        <property type="string">Label;Name=label1313562647266	Height=2	Name=label1313562647266	Width=110	X=28	Y=20		Input=subcategory	</property>
      </field>
      <field sctype="structure">
        <flags type="decimal">0</flags>
        <line type="decimal">12</line>
        <column type="decimal">1</column>
        <length type="decimal">13</length>
        <window type="decimal">0</window>
        <attribute NullValue="1" type="decimal"/>
        <graph sctype="array"/>
        <input NullValue="1" type="string"/>
        <output type="string">Service:</output>
        <format NullValue="1" type="string"/>
        <property type="string">Label;Caption=Service:	Name=label1313562088825	Height=2	Name=label1313562088825	Width=26	X=0	Y=22		</property>
      </field>
      <field sctype="structure">
        <flags type="decimal">0</flags>
        <line type="decimal">12</line>
        <column type="decimal">14</column>
        <length type="decimal">56</length>
        <window type="decimal">0</window>
        <attribute NullValue="1" type="decimal"/>
        <graph sctype="array"/>
        <input type="string">affected.item</input>
        <output NullValue="1" type="string"/>
        <format NullValue="1" type="string"/>
        <property type="string">Label;Name=label1313562711349	Height=2	Name=label1313562711349	Width=111	X=27	Y=22		Input=affected.item	</property>
      </field>
      <field sctype="structure">
        <flags type="decimal">0</flags>
        <line type="decimal">13</line>
        <column type="decimal">1</column>
        <length type="decimal">33</length>
        <window type="decimal">0</window>
        <attribute NullValue="1" type="decimal"/>
        <graph sctype="array"/>
        <input NullValue="1" type="string"/>
        <output type="string">Affected Configuration Item:</output>
        <format NullValue="1" type="string"/>
        <property type="string">Label;Caption=Affected Configuration Item:	Name=label1313562112623	Height=2	Name=label1313562112623	Width=66	X=0	Y=24		</property>
      </field>
      <field sctype="structure">
        <flags type="decimal">512</flags>
        <line type="decimal">14</line>
        <column type="decimal">1</column>
        <length type="decimal">100</length>
        <window type="decimal">4</window>
        <attribute NullValue="1" type="decimal"/>
        <graph sctype="array"/>
        <input type="string">assets</input>
        <output NullValue="1" type="string"/>
        <format NullValue="1" type="string"/>
        <property type="string">MultiText;Name=textarea1316244641114	Height=8	Name=textarea1316244641114	Width=199	X=0	Y=26		Input=assets	</property>
      </field>
      <field sctype="structure">
        <flags type="decimal">0</flags>
        <line type="decimal">18</line>
        <column type="decimal">1</column>
        <length type="decimal">10</length>
        <window type="decimal">0</window>
        <attribute NullValue="1" type="decimal"/>
        <graph sctype="array"/>
        <input NullValue="1" type="string"/>
        <output type="string">Priority:</output>
        <format NullValue="1" type="string"/>
        <property type="string">Label;Caption=Priority:	Name=label1313562161078	Height=2	Name=label1313562161078	Width=20	X=0	Y=34		</property>
      </field>
      <field sctype="structure">
        <flags type="decimal">0</flags>
        <line type="decimal">18</line>
        <column type="decimal">11</column>
        <length type="decimal">59</length>
        <window type="decimal">0</window>
        <attribute NullValue="1" type="decimal"/>
        <graph sctype="array"/>
        <input type="string">priority.code</input>
        <output NullValue="1" type="string"/>
        <format NullValue="1" type="string"/>
        <property type="string">Label;Name=label1313562612264	Height=2	Name=label1313562612264	Width=117	X=20	Y=34		Input=priority.code	</property>
      </field>
      <field sctype="structure">
        <flags type="decimal">0</flags>
        <line type="decimal">19</line>
        <column type="decimal">1</column>
        <length type="decimal">10</length>
        <window type="decimal">0</window>
        <attribute NullValue="1" type="decimal"/>
        <graph sctype="array"/>
        <input NullValue="1" type="string"/>
        <output type="string">Impact:</output>
        <format NullValue="1" type="string"/>
        <property type="string">Label;Caption=Impact:	Name=label1313562190173	Height=2	Name=label1313562190173	Width=20	X=0	Y=36		</property>
      </field>
      <field sctype="structure">
        <flags type="decimal">0</flags>
        <line type="decimal">19</line>
        <column type="decimal">11</column>
        <length type="decimal">59</length>
        <window type="decimal">0</window>
        <attribute NullValue="1" type="decimal"/>
        <graph sctype="array"/>
        <input type="string">initial.impact</input>
        <output NullValue="1" type="string"/>
        <format NullValue="1" type="string"/>
        <property type="string">Label;Name=label1313562630671	Height=2	Name=label1313562630671	Width=117	X=20	Y=36		Input=initial.impact	</property>
      </field>
      <field sctype="structure">
        <flags type="decimal">0</flags>
        <line type="decimal">20</line>
        <column type="decimal">1</column>
        <length type="decimal">12</length>
        <window type="decimal">0</window>
        <attribute NullValue="1" type="decimal"/>
        <graph sctype="array"/>
        <input NullValue="1" type="string"/>
        <output type="string">Open Date:</output>
        <format NullValue="1" type="string"/>
        <property type="string">Label;Caption=Open Date:	Name=label1313562236660	Height=2	Name=label1313562236660	Width=24	X=0	Y=38		</property>
      </field>
      <field sctype="structure">
        <flags type="decimal">0</flags>
        <line type="decimal">20</line>
        <column type="decimal">13</column>
        <length type="decimal">57</length>
        <window type="decimal">0</window>
        <attribute NullValue="1" type="decimal"/>
        <graph sctype="array"/>
        <input type="string">requestedDate</input>
        <output NullValue="1" type="string"/>
        <format NullValue="1" type="string"/>
        <property type="string">Label;Name=label1313562658970	Height=2	Name=label1313562658970	Width=113	X=24	Y=38		Input=requestedDate	</property>
      </field>
      <field sctype="structure">
        <flags type="decimal">0</flags>
        <line type="decimal">21</line>
        <column type="decimal">1</column>
        <length type="decimal">13</length>
        <window type="decimal">0</window>
        <attribute NullValue="1" type="decimal"/>
        <graph sctype="array"/>
        <input NullValue="1" type="string"/>
        <output type="string">Description:</output>
        <format NullValue="1" type="string"/>
        <property type="string">Label;Caption=Description:	Name=label1313562471368	Height=2	Name=label1313562471368	Width=25	X=0	Y=41		</property>
      </field>
      <field sctype="structure">
        <flags type="decimal">512</flags>
        <line type="decimal">22</line>
        <column type="decimal">1</column>
        <length type="decimal">98</length>
        <window type="decimal">10</window>
        <attribute NullValue="1" type="decimal"/>
        <graph sctype="array"/>
        <input type="string">description</input>
        <output NullValue="1" type="string"/>
        <format NullValue="1" type="string"/>
        <property type="string">MultiText;Name=textarea1316230396921	Height=20	Name=textarea1316230396921	Width=196	X=0	Y=43		Input=description	</property>
      </field>
      <field sctype="structure">
        <flags type="decimal">0</flags>
        <line type="decimal">33</line>
        <column type="decimal">1</column>
        <length type="decimal">20</length>
        <window type="decimal">0</window>
        <attribute NullValue="1" type="decimal"/>
        <graph sctype="array"/>
        <input NullValue="1" type="string"/>
        <output type="string">Thanks and regards,</output>
        <format NullValue="1" type="string"/>
        <property type="string">Label;Caption=Thanks and regards,	Name=label1313565893865	Height=2	Name=label1313565893865	Width=40	X=0	Y=64		</property>
      </field>
      <field sctype="structure">
        <flags type="decimal">0</flags>
        <line type="decimal">34</line>
        <column type="decimal">1</column>
        <length type="decimal">20</length>
        <window type="decimal">0</window>
        <attribute NullValue="1" type="decimal"/>
        <graph sctype="array"/>
        <input NullValue="1" type="string"/>
        <output type="string">Service Manager</output>
        <format NullValue="1" type="string"/>
        <property type="string">Label;Caption=Service Manager	Name=label1313565895710	Height=2	Name=label1313565895710	Width=40	X=0	Y=66		</property>
      </field>
    </field>
    <file.name NullValue="1" type="string"/>
    <editor type="string">adminrobert</editor>
    <last.update type="dateTime">09/17/11 04:44:25</last.update>
    <help.topic NullValue="1" type="string"/>
    <syslanguage type="string">en</syslanguage>
    <sysmodcount type="decimal">0</sysmodcount>
    <sysmoduser type="string">shiji.shu</sysmoduser>
    <sysmodtime type="dateTime">09/18/13 13:20:02</sysmodtime>
    <description NullValue="1" type="string"/>
  </record>
</recordset>
