<?xml version="1.0" encoding="UTF-8" standalone="no"?>
<recordset table="RuleSet">
  <record id="id=&quot;chm.notification.dcab.approved&quot;" recordid="chm.notification.dcab.approved">
    <id type="string">chm.notification.dcab.approved</id>
    <name type="string">Chm Notification Dcab Approved</name>
    <tablename sctype="array">
      <tablename sctype="string">cm3r</tablename>
    </tablename>
    <rule sctype="array">
      <rule sctype="structure">
        <ruleId type="decimal">2</ruleId>
        <isGroup type="boolean">false</isGroup>
        <parentGroup type="decimal">0</parentGroup>
        <ruleXML NullValue="1" type="string"/>
        <ruleDesc type="string">Send Notification: "CHM DCAB Approved"</ruleDesc>
        <condition type="string">true</condition>
        <conditionDesc NullValue="1" type="string"/>
        <conditionXML NullValue="1" type="string"/>
        <fullDesc type="string">Send Notification: "CHM DCAB Approved"</fullDesc>
        <level type="decimal">0</level>
        <type type="string">notification</type>
        <ruleJSON type="string">{"type":"notification","notificationRecord":"CHM DCAB Approved"}</ruleJSON>
      </rule>
    </rule>
    <lastRuleId type="decimal">2</lastRuleId>
    <isAction NullValue="1" type="boolean"/>
    <sysmoduser type="string">falcon</sysmoduser>
    <sysmodtime type="dateTime">01/08/15 14:40:23</sysmodtime>
    <sysmodcount type="decimal">5</sysmodcount>
    <sysrestricted type="boolean">true</sysrestricted>
  </record>
</recordset>
