<?xml version="1.0" encoding="UTF-8" standalone="no"?>
<recordset table="format">
  <record id="syslanguage=&quot;en&quot; and name=&quot;kmdocument.search.approved&quot;" recordid="en - kmdocument.search.approved">
    <name mandatory="true" type="string">kmdocument.search.approved</name>
    <field sctype="array">
      <field sctype="structure">
        <flags type="decimal">0</flags>
        <line type="decimal">1</line>
        <column type="decimal">3</column>
        <length type="decimal">50</length>
        <window type="decimal">0</window>
        <attribute NullValue="1" type="decimal"/>
        <graph sctype="array"/>
        <input NullValue="1" type="string"/>
        <output type="string">Search Approved Documents</output>
        <format NullValue="1" type="string"/>
        <property type="string">Label;Caption=Search Approved Documents	Name=label1138233346263	Bold=1	?Caption=	?FontIncrease=	FontIncrease=5	Height=2	Name=label1138233346263	Width=100	X=4	Y=0		</property>
      </field>
      <field sctype="structure">
        <flags type="decimal">0</flags>
        <line type="decimal">2</line>
        <column type="decimal">3</column>
        <length type="decimal">8</length>
        <window type="decimal">0</window>
        <attribute NullValue="1" type="decimal"/>
        <graph sctype="array"/>
        <input NullValue="1" type="string"/>
        <output type="string">Title:</output>
        <format NullValue="1" type="string"/>
        <property type="string">Label;Caption=Title:	Name=label1126749508563	Height=2	Name=label1126749508563	Width=15	X=4	Y=3		</property>
      </field>
      <field sctype="structure">
        <flags type="decimal">0</flags>
        <line type="decimal">2</line>
        <column type="decimal">14</column>
        <length type="decimal">33</length>
        <window type="decimal">0</window>
        <attribute NullValue="1" type="decimal"/>
        <graph sctype="array"/>
        <input type="string">title</input>
        <output NullValue="1" type="string"/>
        <format NullValue="1" type="string"/>
        <property type="string">Text;Name=input1126749490859	?ReadOnly=[status]="retired"	Height=2	Name=input1126749490859	Mandatory=0	Width=65	X=26	Y=3		Input=title	</property>
      </field>
      <field sctype="structure">
        <flags type="decimal">0</flags>
        <line type="decimal">2</line>
        <column type="decimal">53</column>
        <length type="decimal">11</length>
        <window type="decimal">0</window>
        <attribute NullValue="1" type="decimal"/>
        <graph sctype="array"/>
        <input NullValue="1" type="string"/>
        <output type="string">Document ID:</output>
        <format NullValue="1" type="string"/>
        <property type="string">Label;Caption=Document ID:	Name=label1132674234921	Height=2	Name=label1132674234921	Width=21	X=104	Y=3		</property>
      </field>
      <field sctype="structure">
        <flags type="decimal">0</flags>
        <line type="decimal">2</line>
        <column type="decimal">64</column>
        <length type="decimal">15</length>
        <window type="decimal">0</window>
        <attribute NullValue="1" type="decimal"/>
        <graph sctype="array"/>
        <input type="string">id</input>
        <output NullValue="1" type="string"/>
        <format NullValue="1" type="string"/>
        <property type="string">Text;Name=input1132674266481	Height=2	Name=input1132674266481	ReadOnly=0	Width=30	X=126	Y=3		Input=id	</property>
      </field>
      <field sctype="structure">
        <flags type="decimal">0</flags>
        <line type="decimal">2</line>
        <column type="decimal">82</column>
        <length type="decimal">5</length>
        <window type="decimal">0</window>
        <attribute NullValue="1" type="decimal"/>
        <graph sctype="array"/>
        <input NullValue="1" type="string"/>
        <output type="string">VO</output>
        <format NullValue="1" type="string"/>
        <property type="string">Text;Height=2	Name=	Visible=0	Width=9	X=162	Y=3		</property>
      </field>
      <field sctype="structure">
        <flags type="decimal">0</flags>
        <line type="decimal">4</line>
        <column type="decimal">3</column>
        <length type="decimal">8</length>
        <window type="decimal">0</window>
        <attribute NullValue="1" type="decimal"/>
        <graph sctype="array"/>
        <input NullValue="1" type="string"/>
        <output type="string">Summary:</output>
        <format NullValue="1" type="string"/>
        <property type="string">Label;Caption=Summary:	Name=label1126749559861	Height=2	Name=label1126749559861	Width=16	X=4	Y=6		</property>
      </field>
      <field sctype="structure">
        <flags type="decimal">0</flags>
        <line type="decimal">4</line>
        <column type="decimal">14</column>
        <length type="decimal">33</length>
        <window type="decimal">0</window>
        <attribute NullValue="1" type="decimal"/>
        <graph sctype="array"/>
        <input type="string">summary</input>
        <output NullValue="1" type="string"/>
        <format NullValue="1" type="string"/>
        <property type="string">Text;Name=input1195000731172	Height=2	Name=input1195000731172	Width=65	X=26	Y=6		Input=summary	</property>
      </field>
      <field sctype="structure">
        <flags type="decimal">0</flags>
        <line type="decimal">4</line>
        <column type="decimal">53</column>
        <length type="decimal">11</length>
        <window type="decimal">0</window>
        <attribute NullValue="1" type="decimal"/>
        <graph sctype="array"/>
        <input NullValue="1" type="string"/>
        <output type="string">Document Type:</output>
        <format NullValue="1" type="string"/>
        <property type="string">Label;Caption=Document Type:	Name=label1126749934554	?Caption=	Height=2	Name=label1126749934554	Width=21	X=104	Y=6		</property>
      </field>
      <field sctype="structure">
        <flags type="decimal">4096</flags>
        <line type="decimal">4</line>
        <column type="decimal">64</column>
        <length type="decimal">15</length>
        <window type="decimal">1</window>
        <attribute NullValue="1" type="decimal"/>
        <graph sctype="array"/>
        <input type="string">doctype</input>
        <output NullValue="1" type="string"/>
        <format NullValue="1" type="string"/>
        <property type="string">ComboBox;Height=2	Name=	SelectOnly=1	Width=30	X=126	Y=6		Input=doctype	DisplayList=$G.kmdoctype.display	ValueList=$G.kmdoctype.name	</property>
      </field>
      <field sctype="structure">
        <flags type="decimal">4096</flags>
        <line type="decimal">5</line>
        <column type="decimal">1</column>
        <length type="decimal">48</length>
        <window type="decimal">0</window>
        <attribute NullValue="1" type="decimal"/>
        <graph sctype="array"/>
        <input NullValue="1" type="string"/>
        <output type="string">VO</output>
        <format NullValue="1" type="string"/>
        <property type="string">Frame;Name=fieldset1398055807382	ArrayLength=0	Height=17	Name=fieldset1398055807382	Visible=0	Width=96	X=0	Y=9		</property>
      </field>
      <field sctype="structure">
        <flags type="decimal">4096</flags>
        <line type="decimal">6</line>
        <column type="decimal">3</column>
        <length type="decimal">44</length>
        <window type="decimal">5</window>
        <attribute NullValue="1" type="decimal"/>
        <graph sctype="array"/>
        <input NullValue="1" type="string"/>
        <output type="string">VO</output>
        <format NullValue="1" type="string"/>
        <property type="string">Table;ColumnHeadings=1	Columns=column1138726658377	DefaultButtonID=0	Height=9	Name=	TabStop=19	Width=87			X=4	Y=10		</property>
      </field>
      <field sctype="structure">
        <flags type="decimal">4100</flags>
        <line type="decimal">1</line>
        <column type="decimal">1</column>
        <length type="decimal">4</length>
        <window type="decimal">0</window>
        <attribute NullValue="1" type="decimal"/>
        <graph sctype="array"/>
        <input type="string">generatedcats</input>
        <output type="string">Categories</output>
        <format NullValue="1" type="string"/>
        <property type="string">Column;		Caption=Categories	=		Column Width%=100.0					ValueList=categories	DisplayList=generatedcats	Input=generatedcats	Y=0	X=0	Width=8	SelectOnly=1	ReadOnly=1	Name=	ShowTitle=0	ClickableTitle=0	scType=ComboBox		</property>
      </field>
      <field sctype="structure">
        <flags type="decimal">4096</flags>
        <line type="decimal">1</line>
        <column type="decimal">1</column>
        <length type="decimal">1</length>
        <window type="decimal">1</window>
        <attribute NullValue="1" type="decimal"/>
        <graph sctype="array"/>
        <input NullValue="1" type="string"/>
        <output type="string">VO</output>
        <format NullValue="1" type="string"/>
        <property type="string">end;X=1	Y=1	Height=2	Width=2	</property>
      </field>
      <field sctype="structure">
        <flags type="decimal">4096</flags>
        <line type="decimal">1</line>
        <column type="decimal">1</column>
        <length type="decimal">1</length>
        <window type="decimal">1</window>
        <attribute NullValue="1" type="decimal"/>
        <graph sctype="array"/>
        <input NullValue="1" type="string"/>
        <output type="string">VO</output>
        <format NullValue="1" type="string"/>
        <property type="string">end;X=1	Y=1	Height=2	Width=2	</property>
      </field>
      <field sctype="structure">
        <flags type="decimal">4096</flags>
        <line type="decimal">11</line>
        <column type="decimal">10</column>
        <length type="decimal">12</length>
        <window type="decimal">1</window>
        <attribute NullValue="1" type="decimal"/>
        <graph sctype="array"/>
        <input NullValue="1" type="string"/>
        <output type="string">Add</output>
        <format NullValue="1" type="string"/>
        <property type="string">Button;Caption=Add	ButtonID=318	?Bitmap=	Height=2	Name=	TabStop=20	Width=24			X=18	Y=21		</property>
      </field>
      <field sctype="structure">
        <flags type="decimal">4096</flags>
        <line type="decimal">11</line>
        <column type="decimal">26</column>
        <length type="decimal">12</length>
        <window type="decimal">1</window>
        <attribute NullValue="1" type="decimal"/>
        <graph sctype="array"/>
        <input NullValue="1" type="string"/>
        <output type="string">Remove</output>
        <format NullValue="1" type="string"/>
        <property type="string">Button;Caption=Remove	ButtonID=319	Height=2	Name=	TabStop=21	Width=24			X=50	Y=21		</property>
      </field>
      <field sctype="structure">
        <flags type="decimal">0</flags>
        <line type="decimal">5</line>
        <column type="decimal">53</column>
        <length type="decimal">11</length>
        <window type="decimal">0</window>
        <attribute NullValue="1" type="decimal"/>
        <graph sctype="array"/>
        <input NullValue="1" type="string"/>
        <output type="string">Status:</output>
        <format NullValue="1" type="string"/>
        <property type="string">Label;Caption=Status:	Height=2	Name=	Width=21	X=104	Y=9		</property>
      </field>
      <field sctype="structure">
        <flags type="decimal">4096</flags>
        <line type="decimal">5</line>
        <column type="decimal">64</column>
        <length type="decimal">15</length>
        <window type="decimal">1</window>
        <attribute NullValue="1" type="decimal"/>
        <graph sctype="array"/>
        <input type="string">status</input>
        <output NullValue="1" type="string"/>
        <format NullValue="1" type="string"/>
        <property type="string">ComboBox;Height=2	Name=	SelectOnly=0	Width=30	X=126	Y=9		Input=status	DisplayList=Internally Approved;Externally Approved	ValueList=internal;external	</property>
      </field>
      <field sctype="structure">
        <flags type="decimal">0</flags>
        <line type="decimal">7</line>
        <column type="decimal">53</column>
        <length type="decimal">11</length>
        <window type="decimal">0</window>
        <attribute NullValue="1" type="decimal"/>
        <graph sctype="array"/>
        <input NullValue="1" type="string"/>
        <output type="string">Locale:</output>
        <format NullValue="1" type="string"/>
        <property type="string">Label;Caption=Locale:	?Caption=	Height=2	Name=	Width=22	X=104	Y=12		</property>
      </field>
      <field sctype="structure">
        <flags type="decimal">4096</flags>
        <line type="decimal">7</line>
        <column type="decimal">64</column>
        <length type="decimal">15</length>
        <window type="decimal">1</window>
        <attribute NullValue="1" type="decimal"/>
        <graph sctype="array"/>
        <input type="string">locale</input>
        <output NullValue="1" type="string"/>
        <format NullValue="1" type="string"/>
        <property type="string">ComboBox;Height=2	Name=	SelectOnly=1	Width=30	X=126	Y=12		Input=locale	DisplayList=$G.language.km.names	ValueList=$G.language.km.ids	</property>
      </field>
      <field sctype="structure">
        <flags type="decimal">0</flags>
        <line type="decimal">8</line>
        <column type="decimal">53</column>
        <length type="decimal">11</length>
        <window type="decimal">0</window>
        <attribute NullValue="1" type="decimal"/>
        <graph sctype="array"/>
        <input NullValue="1" type="string"/>
        <output type="string">Author:</output>
        <format NullValue="1" type="string"/>
        <property type="string">Label;Caption=Author:	?Caption=	Height=2	Name=	Width=22	X=104	Y=15		</property>
      </field>
      <field sctype="structure">
        <flags type="decimal">4096</flags>
        <line type="decimal">8</line>
        <column type="decimal">64</column>
        <length type="decimal">15</length>
        <window type="decimal">1</window>
        <attribute NullValue="1" type="decimal"/>
        <graph sctype="array"/>
        <input type="string">author</input>
        <output NullValue="1" type="string"/>
        <format NullValue="1" type="string"/>
        <property type="string">ComFill;Name=comfill1195000067973	dataType=string	Height=2	Name=comfill1195000067973	FillButtonID=9	ThirdButtonID=8	ComboButtonVisible=0	ThirdButtonVisible=1	Width=30	X=126	Y=15		Input=author	</property>
      </field>
    </field>
    <file.name NullValue="1" type="string"/>
    <editor type="string">yuliang.gao</editor>
    <last.update type="dateTime">07/14/14 21:55:50</last.update>
    <help.topic NullValue="1" type="string"/>
    <syslanguage type="string">en</syslanguage>
    <sysmodcount type="decimal">22</sysmodcount>
    <sysmoduser type="string">yuliang.gao</sysmoduser>
    <sysmodtime type="dateTime">07/14/14 21:55:50</sysmodtime>
    <description NullValue="1" type="string"/>
  </record>
</recordset>
